2025-04-27 22:12:54,929 - INFO - Wrote 7773 rows for Nike Kobe 6
2025-04-27 22:13:49,809 - INFO - Wrote 2847 rows for Nike Kobe V
2025-04-27 22:14:45,005 - INFO - Wrote 2965 rows for Nike Kobe IV Protro
2025-04-27 22:15:24,490 - INFO - Wrote 2238 rows for Nike Kobe 8
2025-04-27 22:15:51,051 - INFO - Wrote 1616 rows for Nike LeBron XX
2025-04-27 22:16:33,376 - INFO - Wrote 2597 rows for Nike Air Zoom G.T. Cut 3
2025-04-27 22:16:37,730 - INFO - Wrote 20 rows for Nike Book 1
2025-04-27 22:16:43,372 - INFO - Wrote 218 rows for Nike Air Zoom G.T. Cut
2025-04-27 22:16:52,613 - INFO - Wrote 398 rows for Nike PG 6
2025-04-27 22:17:01,578 - INFO - Wrote 417 rows for Nike KD 15
2025-04-27 22:17:07,487 - INFO - Wrote 263 rows for Nike PG 5
2025-04-27 22:17:16,728 - INFO - Wrote 510 rows for Nike Kyrie 7
2025-04-27 22:18:00,284 - INFO - Wrote 2535 rows for Nike KD 16
2025-04-27 22:18:16,165 - INFO - Wrote 990 rows for Nike Air Zoom G.T. Cut 2
2025-04-27 22:18:22,096 - INFO - Wrote 192 rows for Nike Kyrie Low 4
2025-04-27 22:18:40,962 - INFO - Wrote 1378 rows for Nike Sabrina 1
2025-04-27 22:19:11,434 - INFO - Wrote 1989 rows for Nike Sabrina 2
2025-04-27 22:19:21,062 - INFO - Wrote 558 rows for Nike KD 14
2025-04-27 22:19:30,030 - INFO - Wrote 390 rows for Nike Zoom Freak 3
2025-04-27 22:19:36,030 - INFO - Wrote 226 rows for Nike Zoom Freak 1
2025-04-27 22:19:41,722 - INFO - Wrote 92 rows for Nike Kyrie Low 5
2025-04-27 22:19:47,954 - INFO - Wrote 127 rows for Nike KD 13
2025-04-27 22:20:04,334 - INFO - Wrote 1188 rows for Nike LeBron XXI
2025-04-27 22:20:20,004 - INFO - Wrote 1161 rows for Nike JA 1
2025-04-27 22:20:29,606 - INFO - Wrote 442 rows for Nike Zoom Freak 4
2025-04-27 22:20:34,545 - INFO - Wrote 312 rows for Nike Kyrie 6
2025-04-27 22:20:41,405 - INFO - Wrote 4 rows for Nike Zoom Freak 2
2025-04-27 22:21:01,937 - INFO - Wrote 1308 rows for Nike LeBron NXXT Gen
2025-04-27 22:21:11,515 - INFO - Wrote 424 rows for Nike Kobe XI Low
2025-04-27 22:21:16,922 - INFO - Wrote 82 rows for Nike Kobe Ad
2025-04-27 22:21:35,086 - INFO - Wrote 1279 rows for Nike Freak 5
2025-04-27 22:21:40,959 - INFO - Wrote 319 rows for Nike Kobe 9 Low
2025-04-27 22:21:58,162 - INFO - Wrote 1259 rows for Nike KD 17
2025-04-27 22:22:05,144 - INFO - Wrote 352 rows for Nike KD 3
2025-04-27 22:22:10,904 - INFO - Wrote 216 rows for Nike Kyrie Infinity (Kyrie 8)
2025-04-27 22:22:16,326 - INFO - Wrote 289 rows for Nike KD 4
2025-04-27 22:22:21,180 - INFO - Wrote 72 rows for Nike Kobe AD Mid
2025-04-27 22:22:35,511 - INFO - Wrote 1113 rows for Nike G.T. Hustle 2
2025-04-27 22:22:40,968 - INFO - Wrote 216 rows for Nike Kyrie 5
2025-04-27 22:22:46,466 - INFO - Wrote 21 rows for Nike Zoom KD 12
2025-04-27 22:22:51,262 - INFO - Wrote 134 rows for Nike Kobe X Low
2025-04-27 22:22:56,948 - INFO - Wrote 16 rows for Nike Kyrie Low 3
2025-04-27 22:23:02,286 - INFO - Wrote 63 rows for Nike PG 4
2025-04-27 22:23:07,236 - INFO - Wrote 11 rows for Nike Kyrie Low 2
2025-04-27 22:23:12,765 - INFO - Wrote 7 rows for Nike Cosmic Unity
2025-04-27 22:23:18,180 - INFO - Wrote 3 rows for Nike PG 3
2025-04-27 22:23:25,814 - INFO - Wrote 471 rows for Nike JA 2
2025-04-27 22:23:31,023 - INFO - Wrote 234 rows for Nike Air Zoom G.T. Run
2025-04-27 22:23:36,491 - INFO - Wrote 115 rows for Nike Kyrie 4
2025-04-27 22:23:41,778 - INFO - Wrote 66 rows for Nike Kobe 7
2025-04-27 22:23:46,779 - INFO - Wrote 68 rows for Nike Kyrie 1
2025-04-27 22:23:51,470 - INFO - Wrote 51 rows for Nike PG 2.5
2025-04-27 22:23:56,260 - INFO - Wrote 38 rows for Nike Kyrie S2 Hybrid
2025-04-27 22:24:01,544 - INFO - Wrote 193 rows for Nike Kyrie 3
2025-04-27 22:24:05,173 - INFO - Wrote 45 rows for Nike Kobe A.D. Low 2017
2025-04-27 22:24:08,802 - INFO - Wrote 33 rows for Nike KD 6
2025-04-27 22:24:16,425 - INFO - Wrote 535 rows for Nike G.T. Hustle 3
2025-04-27 22:24:22,755 - INFO - Wrote 78 rows for Nike Kobe 9 High Elite
2025-04-27 22:24:26,994 - INFO - Wrote 69 rows for Nike PG 1
2025-04-27 22:24:32,615 - INFO - Wrote 295 rows for Nike G.T. Cut Academy
2025-04-27 22:24:38,358 - INFO - Wrote 137 rows for Nike Giannis Immortality 2
2025-04-27 22:24:43,555 - INFO - Wrote 11 rows for Nike Air Zoom BB NXT
2025-04-27 22:24:47,214 - INFO - Wrote 10 rows for Nike LeBron 7
2025-04-27 22:24:52,051 - INFO - Wrote 193 rows for Nike LeBron NXXT Gen AMPD
2025-04-27 22:24:57,517 - INFO - Wrote 48 rows for Nike LeBron 17
2025-04-27 22:25:04,881 - INFO - Wrote 398 rows for Nike Freak 6
2025-04-27 22:25:08,709 - INFO - Wrote 25 rows for Nike PG 2
2025-04-27 22:25:12,707 - INFO - Wrote 25 rows for Nike Kyrie 2
2025-04-27 22:25:17,475 - INFO - Wrote 0 rows for Nike Giannis Immortality
2025-04-27 22:25:21,184 - INFO - Wrote 86 rows for Nike Air Zoom G.T. Cut 3 Turbo
2025-04-27 22:25:24,935 - INFO - Wrote 21 rows for Nike Kobe 1 Protro
2025-04-27 22:25:31,316 - INFO - Wrote 358 rows for Nike LeBron 22
2025-04-27 22:25:42,755 - INFO - Wrote 764 rows for Nike G.T. Jump 2
2025-04-27 22:25:45,122 - INFO - Wrote 0 rows for Nike Kobe AD NXT
2025-04-27 22:25:49,823 - INFO - Wrote 57 rows for Nike Cosmic Unity 2
2025-04-27 22:25:52,333 - INFO - Wrote 12 rows for Nike KD 7
2025-04-27 22:25:56,606 - INFO - Wrote 0 rows for Nike LeBron 18
2025-04-27 22:26:01,773 - INFO - Wrote 16 rows for Nike Hyperdunk X
2025-04-27 22:26:07,145 - INFO - Wrote 0 rows for Nike LeBron 18 Low
2025-04-27 22:26:12,484 - INFO - Wrote 35 rows for Nike Zoom Rize 2
2025-04-27 22:26:16,632 - INFO - Wrote 90 rows for Nike Cosmic Unity 3
2025-04-27 22:26:19,475 - INFO - Wrote 3 rows for Nike KD 11
2025-04-27 22:26:24,790 - INFO - Wrote 0 rows for Nike Zoom Rize
2025-04-27 22:26:27,198 - INFO - Wrote 3 rows for Nike KD 10
2025-04-27 22:26:30,665 - INFO - Wrote 0 rows for Nike LeBron 19
2025-04-27 22:26:33,113 - INFO - Wrote 0 rows for Nike Hyperdunk 2008
2025-04-27 22:26:36,026 - INFO - Wrote 58 rows for Nike Giannis Immortality 3
2025-04-27 22:26:39,678 - INFO - Wrote 24 rows for Nike Hyperdunk 2017
2025-04-27 22:26:43,069 - INFO - Wrote 15 rows for Nike LeBron 2
2025-04-27 22:26:48,403 - INFO - Wrote 27 rows for Nike Air Zoom G.T. Jump
2025-04-27 22:26:51,141 - INFO - Wrote 16 rows for Nike KD Trey 5 IX
2025-04-27 22:26:53,765 - INFO - Wrote 4 rows for Nike Kobe AD NXT 360
2025-04-27 22:26:56,371 - INFO - Wrote 6 rows for Nike LeBron 9
2025-04-27 22:26:59,208 - INFO - Wrote 1 rows for Nike Zoom LeBron 3
2025-04-27 22:27:02,069 - INFO - Wrote 0 rows for Nike Air Force Max Low
2025-04-27 22:27:04,943 - INFO - Wrote 10 rows for Nike Air Zoom Generation (LeBron 1)
2025-04-27 22:27:07,826 - INFO - Wrote 0 rows for Nike LeBron 19 Low
2025-04-27 22:27:10,922 - INFO - Wrote 0 rows for Nike Hyperdunk X Low
2025-04-27 22:27:13,877 - INFO - Wrote 0 rows for Nike Kyrie Flytrap 6
2025-04-27 22:27:16,701 - INFO - Wrote 0 rows for Nike LeBron 17 Low
2025-04-27 22:27:19,321 - INFO - Wrote 19 rows for Nike KD Trey 5 X
2025-04-27 22:27:23,172 - INFO - Wrote 0 rows for Nike Air Deldon 1
2025-04-27 22:27:25,912 - INFO - Wrote 13 rows for Nike Kyrie 8
2025-04-27 22:27:29,543 - INFO - Wrote 47 rows for Nike KD Trey 5 VIII
2025-04-27 22:27:32,139 - INFO - Wrote 0 rows for Nike KD 5
2025-04-27 22:27:34,764 - INFO - Wrote 4 rows for Nike KD 5 Elite
2025-04-27 22:27:36,693 - INFO - Wrote 10 rows for Nike Adapt BB
2025-04-27 22:27:38,707 - INFO - Wrote 0 rows for Nike LeBron 9 Low
2025-04-27 22:27:41,444 - INFO - Wrote 2 rows for Nike Kobe 3
2025-04-27 22:27:44,731 - INFO - Wrote 20 rows for Nike LeBron Witness 6
2025-04-27 22:27:47,748 - INFO - Wrote 32 rows for Nike LeBron Witness 7
2025-04-27 22:27:49,743 - INFO - Wrote 0 rows for Nike Adapt BB 2.0
2025-04-27 22:27:55,172 - INFO - Wrote 0 rows for Nike LeBron 15
2025-04-27 22:27:58,895 - INFO - Wrote 55 rows for Nike Hyperdunk 2017 Low
2025-04-27 22:28:01,899 - INFO - Wrote 0 rows for Nike LeBron 16
2025-04-27 22:28:04,651 - INFO - Wrote 11 rows for Nike Precision 6
2025-04-27 22:28:07,898 - INFO - Wrote 65 rows for Nike KD 18
2025-04-27 22:28:11,750 - INFO - Wrote 0 rows for Nike LeBron Soldier 14
2025-04-27 22:28:14,931 - INFO - Wrote 5 rows for Nike Kobe X High
2025-04-27 22:28:17,689 - INFO - Wrote 20 rows for Nike LeBron Witness 8
2025-04-27 22:28:20,822 - INFO - Wrote 0 rows for Nike Kyrie Flytrap 5
2025-04-27 22:28:23,740 - INFO - Wrote 0 rows for Nike Kyrie Low 1
2025-04-27 22:28:26,927 - INFO - Wrote 0 rows for Nike Kobe AD NXT 2017
2025-04-27 22:28:29,601 - INFO - Wrote 14 rows for Nike Zoom Huarache 2K4
2025-04-27 22:28:32,329 - INFO - Wrote 2 rows for Nike KD 6 Elite
2025-04-27 22:28:33,925 - INFO - Wrote 8 rows for Nike KD 8
2025-04-27 22:28:36,631 - INFO - Wrote 0 rows for Nike LeBron 16 Low
2025-04-27 22:28:40,395 - INFO - Wrote 1 rows for Nike Mamba Fury
2025-04-27 22:28:44,223 - INFO - Wrote 7 rows for Nike Renew Elevate 3
2025-04-27 22:28:45,757 - INFO - Wrote 0 rows for Nike LeBron X
2025-04-27 22:28:48,725 - INFO - Wrote 0 rows for Nike LeBron 8 V2 Low
2025-04-27 22:28:52,166 - INFO - Wrote 0 rows for Nike LeBron Witness 5
2025-04-27 22:28:55,004 - INFO - Wrote 0 rows for Nike Hyperdunk 2016
2025-04-27 22:28:57,107 - INFO - Wrote 1 rows for Nike LeBron 11
2025-04-27 22:28:59,103 - INFO - Wrote 7 rows for Nike Kyrie S1 Hybrid
2025-04-27 22:29:01,802 - INFO - Wrote 3 rows for Nike Kyrie Flytrap III
2025-04-27 22:29:04,838 - INFO - Wrote 7 rows for Nike Flytrap 4
2025-04-27 22:29:06,950 - INFO - Wrote 0 rows for Nike Shox BB4
2025-04-27 22:29:09,865 - INFO - Wrote 3 rows for Nike Air Force Max II
2025-04-27 22:29:11,993 - INFO - Wrote 1 rows for Nike LeBron 8
2025-04-27 22:29:14,916 - INFO - Wrote 0 rows for Nike Precision 5
2025-04-27 22:29:18,305 - INFO - Wrote 0 rows for Nike LeBron Ambassador 13
2025-04-27 22:29:20,938 - INFO - Wrote 0 rows for Nike LeBron Soldier 13
2025-04-27 22:29:24,464 - INFO - Wrote 0 rows for Nike Renew Elevate 2
2025-04-27 22:29:27,232 - INFO - Wrote 0 rows for Nike AlphaDunk
2025-04-27 22:29:29,770 - INFO - Wrote 0 rows for Nike Kobe Mamba Focus
2025-04-27 22:29:32,221 - INFO - Wrote 0 rows for Nike LeBron Witness 4
2025-04-27 22:29:35,093 - INFO - Wrote 20 rows for Nike G.T. Cut Cross
2025-04-27 22:29:37,494 - INFO - Wrote 30 rows for Nike Air Max Impact 4
2025-04-27 22:29:41,353 - INFO - Wrote 1 rows for Nike LeBron Soldier 11
2025-04-27 22:29:43,275 - INFO - Wrote 3 rows for Nike LeBron Zoom Soldier 1
2025-04-27 22:29:46,104 - INFO - Wrote 1 rows for Nike Hyperdunk 2012
2025-04-27 22:29:48,749 - INFO - Wrote 0 rows for Nike Air Foamposite One
2025-04-27 22:29:50,795 - INFO - Wrote 0 rows for Nike LeBron Soldier 12
2025-04-27 22:29:52,928 - INFO - Wrote 8 rows for Nike Hyperdunk 2017 Flyknit
2025-04-27 22:29:55,488 - INFO - Wrote 48 rows for Nike Giannis Immortality 4
2025-04-27 22:29:58,303 - INFO - Wrote 0 rows for Nike Hyperdunk 2008 Low
2025-04-27 22:30:00,784 - INFO - Wrote 3 rows for Nike Kobe 2
2025-04-27 22:30:03,545 - INFO - Wrote 0 rows for Nike Zoom Shift 2
2025-04-27 22:30:06,581 - INFO - Wrote 4 rows for Nike A’One
2025-04-27 22:30:09,319 - INFO - Wrote 0 rows for Nike Kyrie Flytrap I
2025-04-27 22:30:12,061 - INFO - Wrote 1 rows for Nike KD 7 Elite
2025-04-27 22:30:14,897 - INFO - Wrote 10 rows for Nike Zoom Live 2017
2025-04-27 22:30:16,743 - INFO - Wrote 0 rows for Nike LeBron 16 SB
2025-04-27 22:30:18,215 - INFO - Wrote 0 rows for Nike Zoom Shift 1
2025-04-27 22:30:20,158 - INFO - Wrote 0 rows for Nike Air Max Dominate
2025-04-27 22:30:21,925 - INFO - Wrote 0 rows for Nike Air Penny 5
2025-04-27 22:30:23,591 - INFO - Wrote 0 rows for Nike KD Trey 5 VII
2025-04-27 22:30:25,177 - INFO - Wrote 0 rows for Nike Lunar Hypergamer Low
2025-04-27 22:30:27,785 - INFO - Wrote 3 rows for Nike Air Penny 2
2025-04-27 22:30:30,331 - INFO - Wrote 0 rows for Nike Air Max Impact 3
2025-04-27 22:30:32,894 - INFO - Wrote 0 rows for Nike LeBron 12
2025-04-27 22:30:35,384 - INFO - Wrote 4 rows for Nike Zoom Hyperfuse 2010
2025-04-27 22:30:37,581 - INFO - Wrote 12 rows for Nike LeBron Zoom Soldier 9
2025-04-27 22:30:39,340 - INFO - Wrote 0 rows for Nike Air Flight One
2025-04-27 22:30:41,865 - INFO - Wrote 0 rows for Nike Air Penny 3
2025-04-27 22:30:44,058 - INFO - Wrote 0 rows for Nike LeBron X Low
2025-04-27 22:30:46,605 - INFO - Wrote 0 rows for Nike Air Zoom Huarache 2K5
2025-04-27 22:30:49,065 - INFO - Wrote 20 rows for Nike Zoom Run The One
2025-04-27 22:30:51,815 - INFO - Wrote 0 rows for Nike Hyperdunk 2011
2025-04-27 22:30:53,726 - INFO - Wrote 0 rows for Nike Kobe 2 ST
2025-04-27 22:30:56,180 - INFO - Wrote 0 rows for Nike KD 9
2025-04-27 22:30:58,629 - INFO - Wrote 0 rows for Nike Air Penny 4
2025-04-27 22:31:01,123 - INFO - Wrote 0 rows for Nike Air Go LWP
2025-04-27 22:31:03,440 - INFO - Wrote 0 rows for Nike LeBron 17 Graffiti
2025-04-27 22:31:05,947 - INFO - Wrote 0 rows for Nike Hyperfuse Low
2025-04-27 22:31:08,601 - INFO - Wrote 0 rows for Nike Zoom LeBron Soldier 4
2025-04-27 22:31:10,991 - INFO - Wrote 0 rows for Nike LeBron 13
2025-04-27 22:31:13,478 - INFO - Wrote 1 rows for Nike JA 3
2025-04-27 22:31:16,069 - INFO - Wrote 0 rows for Nike Precision III
2025-04-27 22:31:18,569 - INFO - Wrote 13 rows for Nike Hyperdunk 2012 Low
2025-04-27 22:31:21,293 - INFO - Wrote 0 rows for Nike Zoom LeBron 20-5-5
2025-04-27 22:31:23,941 - INFO - Wrote 0 rows for Nike Zoom Rookie
2025-04-27 22:31:25,419 - INFO - Wrote 0 rows for Nike Hyperdunk 2011 Low
2025-04-27 22:31:27,846 - INFO - Wrote 1 rows for Nike Mamba Rage
2025-04-27 22:31:30,485 - INFO - Wrote 0 rows for Nike Hyperdunk 2013
2025-04-27 22:31:33,013 - INFO - Wrote 3 rows for Nike Deion Sanders Max 96 Lebron XXI
2025-04-27 22:31:35,713 - INFO - Wrote 0 rows for Nike Zoom Kobe Venomenon 5
2025-04-27 22:31:38,247 - INFO - Wrote 1 rows for Nike Kobe 9 EXT Mid
2025-04-27 22:31:40,717 - INFO - Wrote 0 rows for Nike Air Flightposite
2025-04-27 22:31:43,235 - INFO - Wrote 0 rows for Nike Kobe Venomenon 4
2025-04-27 22:31:45,815 - INFO - Wrote 0 rows for Nike Air Foamposite Pro
2025-04-27 22:31:48,428 - INFO - Wrote 0 rows for Nike Air Precision 2
2025-04-27 22:31:49,992 - INFO - Wrote 0 rows for Nike Zoom Soldier III
2025-04-27 22:31:52,419 - INFO - Wrote 0 rows for Nike LeBron 8 V2
2025-04-27 22:31:54,801 - INFO - Wrote 1 rows for Nike Zoom HyperRev 2016
2025-04-27 22:31:57,361 - INFO - Wrote 0 rows for Nike Renew Elevate
2025-04-27 22:31:59,875 - INFO - Wrote 0 rows for Nike Zoom Hyperspeed Court
2025-04-27 22:32:03,543 - INFO - Wrote 0 rows for Nike Air Max2 CB
2025-04-27 22:32:06,034 - INFO - Wrote 0 rows for Nike Kobe X EXT
2025-04-27 22:32:07,597 - INFO - Wrote 0 rows for Nike LeBron 12 Low
2025-04-27 22:32:09,948 - INFO - Wrote 0 rows for Nike Air Adjust Force x AMBUSH
2025-04-27 22:32:12,324 - INFO - Wrote 0 rows for Nike LeBron 15 Low
2025-04-27 22:32:14,268 - INFO - Wrote 0 rows for Nike Cradle Rocks
2025-04-27 22:32:16,943 - INFO - Wrote 0 rows for Nike LeBron 11 Low
2025-04-27 22:32:19,785 - INFO - Wrote 0 rows for Nike Air Force Max
2025-04-27 22:32:22,275 - INFO - Wrote 0 rows for Nike Air Max 90
2025-04-27 22:32:24,208 - INFO - Wrote 0 rows for Nike LeBron 9 PS Elite
2025-04-27 22:32:26,793 - INFO - Wrote 0 rows for Nike Kobe 9 High EXT
2025-04-27 22:32:28,900 - INFO - Wrote 0 rows for Nike LeBron Icon
2025-04-27 22:32:31,461 - INFO - Wrote 1 rows for Nike Zoom HyperRev 2014
2025-04-27 22:32:33,872 - INFO - Wrote 0 rows for Nike Air Rubber Dunk Off-White
2025-04-27 22:32:36,454 - INFO - Wrote 3 rows for Nike G.T. Hustle Academy
2025-04-27 22:32:38,835 - INFO - Wrote 0 rows for Nike Fly.By Mid 3
2025-04-27 22:32:41,285 - INFO - Wrote 0 rows for Nike Hyperdunk 2010
2025-04-27 22:32:51,745 - INFO - Wrote 528 rows for adidas Dame 8
2025-04-27 22:33:07,768 - INFO - Wrote 1059 rows for adidas Harden Vol. 7
2025-04-27 22:33:11,936 - INFO - Wrote 20 rows for adidas Dame 9
2025-04-27 22:33:21,871 - INFO - Wrote 626 rows for adidas Dame 8 EXTPLY
2025-04-27 22:33:34,676 - INFO - Wrote 925 rows for adidas Harden Vol. 8
2025-04-27 22:33:46,987 - INFO - Wrote 917 rows for adidas D.O.N. Issue 6
2025-04-27 22:33:54,262 - INFO - Wrote 418 rows for adidas AE1 Low
2025-04-27 22:34:01,108 - INFO - Wrote 427 rows for adidas AE1
2025-04-27 22:34:06,620 - INFO - Wrote 72 rows for adidas D.O.N. Issue 3
2025-04-27 22:34:12,102 - INFO - Wrote 76 rows for adidas Exhibit A
2025-04-27 22:34:17,503 - INFO - Wrote 152 rows for adidas D.O.N. Issue 4
2025-04-27 22:34:23,018 - INFO - Wrote 174 rows for adidas Dame 7 EXTPLY
2025-04-27 22:34:28,417 - INFO - Wrote 8 rows for adidas Dame 7
2025-04-27 22:34:33,879 - INFO - Wrote 102 rows for adidas Dame 6
2025-04-27 22:34:43,389 - INFO - Wrote 684 rows for adidas adizero Select 2.0
2025-04-27 22:34:50,631 - INFO - Wrote 482 rows for adidas D.O.N. Issue 5
2025-04-27 22:34:58,101 - INFO - Wrote 412 rows for adidas Harden Vol. 9
2025-04-27 22:35:03,780 - INFO - Wrote 3 rows for adidas Harden Vol. 6
2025-04-27 22:35:09,290 - INFO - Wrote 6 rows for adidas Crazy BYW X 2.0
2025-04-27 22:35:13,243 - INFO - Wrote 20 rows for adidas Harden Vol. 4
2025-04-27 22:35:18,543 - INFO - Wrote 262 rows for adidas BYW Select
2025-04-27 22:35:23,924 - INFO - Wrote 179 rows for adidas Dame Certified
2025-04-27 22:35:28,477 - INFO - Wrote 163 rows for adidas Trae Young 3
2025-04-27 22:35:33,523 - INFO - Wrote 39 rows for adidas Exhibit A Mid
2025-04-27 22:35:38,727 - INFO - Wrote 31 rows for adidas Trae Young 1
2025-04-27 22:35:43,027 - INFO - Wrote 43 rows for adidas Agent Gil
2025-04-27 22:35:47,603 - INFO - Wrote 189 rows for adidas adizero Select 3.0
2025-04-27 22:35:50,829 - INFO - Wrote 2 rows for adidas Harden Stepback 2
2025-04-27 22:35:54,189 - INFO - Wrote 8 rows for adidas Harden Vol. 5
2025-04-27 22:35:58,269 - INFO - Wrote 90 rows for adidas D Rose 1.5
2025-04-27 22:36:01,857 - INFO - Wrote 9 rows for adidas Pro N3xt 2021
2025-04-27 22:36:06,972 - INFO - Wrote 0 rows for adidas D.O.N. Issue 2
2025-04-27 22:36:10,383 - INFO - Wrote 10 rows for adidas Pro Model 2G
2025-04-27 22:36:13,653 - INFO - Wrote 23 rows for adidas Harden Vol. 3
2025-04-27 22:36:17,296 - INFO - Wrote 20 rows for adidas adizero Select
2025-04-27 22:36:21,428 - INFO - Wrote 62 rows for adidas D Rose 1.5 Low
2025-04-27 22:36:25,505 - INFO - Wrote 166 rows for adidas Trae Unlimited
2025-04-27 22:36:29,156 - INFO - Wrote 8 rows for adidas Pro Boost Low
2025-04-27 22:36:32,170 - INFO - Wrote 1 rows for adidas TMAC 2
2025-04-27 22:36:35,336 - INFO - Wrote 43 rows for adidas Harden Stepback 3
2025-04-27 22:36:39,361 - INFO - Wrote 19 rows for adidas Trae Young 2.0
2025-04-27 22:36:42,751 - INFO - Wrote 13 rows for adidas Exhibit Select Mid
2025-04-27 22:36:46,597 - INFO - Wrote 55 rows for adidas TMAC 3
2025-04-27 22:36:50,575 - INFO - Wrote 24 rows for adidas Pro Bounce 2019 Low
2025-04-27 22:36:54,607 - INFO - Wrote 111 rows for adidas Exhibit Select Low
2025-04-27 22:36:57,312 - INFO - Wrote 0 rows for adidas Dame 5
2025-04-27 22:37:01,229 - INFO - Wrote 1 rows for adidas N3XT L3V3L Futurenatural
2025-04-27 22:37:03,552 - INFO - Wrote 0 rows for adidas N3XT L3V3L
2025-04-27 22:37:05,772 - INFO - Wrote 27 rows for adidas Crazy BYW X
2025-04-27 22:37:08,175 - INFO - Wrote 0 rows for adidas Crazy 1
2025-04-27 22:37:11,389 - INFO - Wrote 109 rows for adidas Dame 4
2025-04-27 22:37:15,022 - INFO - Wrote 4 rows for adidas D Rose Son of Chi
2025-04-27 22:37:17,862 - INFO - Wrote 0 rows for adidas Pro Bounce 2019
2025-04-27 22:37:20,594 - INFO - Wrote 10 rows for adidas D Rose 1
2025-04-27 22:37:23,936 - INFO - Wrote 23 rows for adidas T-MAC Millennium
2025-04-27 22:37:26,939 - INFO - Wrote 76 rows for adidas Fear of God Athletics II
2025-04-27 22:37:30,420 - INFO - Wrote 105 rows for adidas Bounce Legends
2025-04-27 22:37:32,627 - INFO - Wrote 58 rows for adidas Dame Certified 2.0
2025-04-27 22:37:34,842 - INFO - Wrote 50 rows for adidas Dame Certified 3
2025-04-27 22:37:37,789 - INFO - Wrote 1 rows for adidas D Rose Son of Chi 2
2025-04-27 22:37:40,197 - INFO - Wrote 0 rows for adidas D Lillard 2
2025-04-27 22:37:42,943 - INFO - Wrote 0 rows for adidas TMAC 1
2025-04-27 22:37:45,440 - INFO - Wrote 0 rows for adidas Harden Vol. 1
2025-04-27 22:37:47,892 - INFO - Wrote 0 rows for adidas Harden Vol. 2
2025-04-27 22:37:50,503 - INFO - Wrote 3 rows for adidas Exhibit B Mid
2025-04-27 22:37:52,850 - INFO - Wrote 0 rows for adidas Pro Vision
2025-04-27 22:37:55,790 - INFO - Wrote 0 rows for adidas D Rose 11
2025-04-27 22:37:58,150 - INFO - Wrote 0 rows for adidas D.O.N. Issue 1
2025-04-27 22:38:00,873 - INFO - Wrote 80 rows for adidas Exhibit Select 2.0
2025-04-27 22:38:03,322 - INFO - Wrote 0 rows for adidas Crazy 97
2025-04-27 22:38:05,215 - INFO - Wrote 0 rows for adidas Crazy Explosive 2017
2025-04-27 22:38:07,527 - INFO - Wrote 0 rows for adidas YZY BSKTBL Quantum
2025-04-27 22:38:10,148 - INFO - Wrote 0 rows for adidas OwnTheGame
2025-04-27 22:38:12,050 - INFO - Wrote 0 rows for adidas ZoneBoost
2025-04-27 22:38:14,632 - INFO - Wrote 0 rows for adidas N3XT L3V3L 2
2025-04-27 22:38:17,640 - INFO - Wrote 59 rows for adidas Crazy 8
2025-04-27 22:38:20,380 - INFO - Wrote 55 rows for adidas Exhibit Select Mid 2.0
2025-04-27 22:38:22,682 - INFO - Wrote 0 rows for adidas Rose 10
2025-04-27 22:38:25,374 - INFO - Wrote 0 rows for adidas Harden B/E 2
2025-04-27 22:38:28,109 - INFO - Wrote 0 rows for adidas Marquee Boost Low
2025-04-27 22:38:30,879 - INFO - Wrote 12 rows for adidas Mad Bounce 2018
2025-04-27 22:38:33,180 - INFO - Wrote 0 rows for adidas Pro Bounce 2018 Low
2025-04-27 22:38:35,646 - INFO - Wrote 0 rows for adidas YZY BSKTBL Knit
2025-04-27 22:38:37,585 - INFO - Wrote 1 rows for adidas Top Ten 2000
2025-04-27 22:38:39,985 - INFO - Wrote 0 rows for adidas Yeezy 500
2025-04-27 22:38:41,533 - INFO - Wrote 0 rows for adidas Harden B/E 3
2025-04-27 22:38:44,165 - INFO - Wrote 9 rows for adidas Harden Stepback
2025-04-27 22:38:46,720 - INFO - Wrote 20 rows for adidas D Rose Son of Chi 3
2025-04-27 22:38:49,270 - INFO - Wrote 1 rows for adidas Crazylight Boost 2.5
2025-04-27 22:38:51,116 - INFO - Wrote 0 rows for adidas Pro Boost Mid
2025-04-27 22:38:53,204 - INFO - Wrote 1 rows for adidas Crazy Explosive Low 2017
2025-04-27 22:38:55,712 - INFO - Wrote 2 rows for adidas Legends Low
2025-04-27 22:38:58,229 - INFO - Wrote 10 rows for adidas Trae Unlimited 2
2025-04-27 22:39:01,154 - INFO - Wrote 2 rows for adidas T-MAC Millennium 2
2025-04-27 22:39:03,495 - INFO - Wrote 0 rows for adidas D Howard 5
2025-04-27 22:39:06,397 - INFO - Wrote 0 rows for adidas Pro Adversary Low 2019
2025-04-27 22:39:07,971 - INFO - Wrote 2 rows for adidas Exhibit B
2025-04-27 22:39:10,444 - INFO - Wrote 0 rows for adidas adiPure CrazyQuick
2025-04-27 22:39:12,953 - INFO - Wrote 0 rows for adidas D Rose 5 Boost
2025-04-27 22:39:15,502 - INFO - Wrote 15 rows for adidas Crazylight Boost Low 2015
2025-04-27 22:39:17,837 - INFO - Wrote 0 rows for adidas Posterize
2025-04-27 22:39:19,412 - INFO - Wrote 0 rows for adidas unknow 2
2025-04-27 22:39:21,818 - INFO - Wrote 0 rows for adidas J Wall 1
2025-04-27 22:39:24,164 - INFO - Wrote 2 rows for adidas Crazy 8 Low
2025-04-27 22:39:26,827 - INFO - Wrote 0 rows for adidas TMAC 5
2025-04-27 22:39:29,396 - INFO - Wrote 0 rows for adidas Kobe 2
2025-04-27 22:39:31,854 - INFO - Wrote 0 rows for adidas Court Vision 3
2025-04-27 22:39:34,325 - INFO - Wrote 0 rows for adidas D Howard Light
2025-04-27 22:39:36,757 - INFO - Wrote 0 rows for adidas Marquee Boost
2025-04-27 22:39:39,504 - INFO - Wrote 0 rows for adidas CrazyLight Boost 2016 Low
2025-04-27 22:39:42,185 - INFO - Wrote 0 rows for adidas D Lillard 1
2025-04-27 22:39:44,611 - INFO - Wrote 0 rows for adidas D Rose 7
2025-04-27 22:39:47,415 - INFO - Wrote 0 rows for adidas D Rose 9
2025-04-27 22:39:49,863 - INFO - Wrote 0 rows for adidas Mad Bounce 2017
2025-04-27 22:39:52,380 - INFO - Wrote 0 rows for adidas Crazy 8 A/D
2025-04-27 22:39:54,858 - INFO - Wrote 0 rows for adidas 98 x Crazy BYW
2025-04-27 22:39:56,645 - INFO - Wrote 0 rows for adidas CrazyLight Boost 2014
2025-04-27 22:39:59,294 - INFO - Wrote 0 rows for adidas Harden B/E
2025-04-27 22:40:01,786 - INFO - Wrote 2 rows for adidas Fear of God Athletics II High Top
2025-04-27 22:40:04,128 - INFO - Wrote 0 rows for adidas D Rose 8
2025-04-27 22:40:06,690 - INFO - Wrote 0 rows for adidas D Rose 773 IV
2025-04-27 22:40:09,121 - INFO - Wrote 1 rows for adidas Pro Bounce 2018
2025-04-27 22:40:14,792 - INFO - Wrote 170 rows for Air Jordan 36
2025-04-27 22:40:20,624 - INFO - Wrote 292 rows for Jordan Luka 1
2025-04-27 22:40:30,258 - INFO - Wrote 632 rows for Jordan Luka 2
2025-04-27 22:40:44,709 - INFO - Wrote 1140 rows for Air Jordan 39
2025-04-27 22:40:50,439 - INFO - Wrote 0 rows for Air Jordan 35
2025-04-27 22:40:55,721 - INFO - Wrote 15 rows for Air Jordan XXXIV
2025-04-27 22:41:01,057 - INFO - Wrote 91 rows for Air Jordan 10
2025-04-27 22:41:05,661 - INFO - Wrote 12 rows for Air Jordan 13 Retro
2025-04-27 22:41:10,262 - INFO - Wrote 295 rows for Jordan Tatum 2
2025-04-27 22:41:15,766 - INFO - Wrote 308 rows for Air Jordan 38
2025-04-27 22:41:21,415 - INFO - Wrote 59 rows for Air Jordan 37
2025-04-27 22:41:25,222 - INFO - Wrote 5 rows for Air Jordan 11 Retro
2025-04-27 22:41:31,960 - INFO - Wrote 343 rows for Jordan Tatum 1
2025-04-27 22:41:36,057 - INFO - Wrote 9 rows for Air Jordan 36 Low
2025-04-27 22:41:41,042 - INFO - Wrote 91 rows for Jordan Zion 2
2025-04-27 22:41:44,883 - INFO - Wrote 20 rows for Air Jordan 38 Low
2025-04-27 22:41:50,220 - INFO - Wrote 43 rows for Air Jordan 37 Low
2025-04-27 22:41:54,106 - INFO - Wrote 0 rows for Air Jordan 35 Low
2025-04-27 22:41:59,310 - INFO - Wrote 305 rows for Jordan Tatum 3
2025-04-27 22:42:01,878 - INFO - Wrote 17 rows for Jordan Why Not? Zer0.2
2025-04-27 22:42:06,770 - INFO - Wrote 2 rows for Jordan React Elevation
2025-04-27 22:42:10,877 - INFO - Wrote 20 rows for Jordan Why Not? Zer0.4
2025-04-27 22:42:14,219 - INFO - Wrote 160 rows for Jordan Zion 3
2025-04-27 22:42:18,013 - INFO - Wrote 1 rows for Jordan Zion 1
2025-04-27 22:42:21,289 - INFO - Wrote 14 rows for Jordan Why Not? Zer0.5
2025-04-27 22:42:25,089 - INFO - Wrote 134 rows for Jordan Luka 3
2025-04-27 22:42:27,853 - INFO - Wrote 4 rows for Jordan Zoom Separate
2025-04-27 22:42:31,614 - INFO - Wrote 1 rows for Jordan One Take 3
2025-04-27 22:42:34,908 - INFO - Wrote 11 rows for Air Jordan 14 Retro
2025-04-27 22:42:38,351 - INFO - Wrote 0 rows for Air Jordan 11 Low IE
2025-04-27 22:42:40,992 - INFO - Wrote 0 rows for Air Jordan XXXIV Low
2025-04-27 22:42:44,400 - INFO - Wrote 1 rows for Jordan One Take II
2025-04-27 22:42:46,931 - INFO - Wrote 2 rows for Air Jordan 12 Retro
2025-04-27 22:42:49,491 - INFO - Wrote 16 rows for Jordan Why Not? Zer0.3
2025-04-27 22:42:54,474 - INFO - Wrote 222 rows for Jordan One Take 4
2025-04-27 22:42:59,732 - INFO - Wrote 145 rows for Jordan CP3.XII
2025-04-27 22:43:01,639 - INFO - Wrote 0 rows for Air Jordan 11 Low Retro
2025-04-27 22:43:04,439 - INFO - Wrote 66 rows for Jordan Heir
2025-04-27 22:43:06,469 - INFO - Wrote 0 rows for Jordan Why Not? Zer0.3 SE
2025-04-27 22:43:08,154 - INFO - Wrote 1 rows for Air Jordan 2 Retro
2025-04-27 22:43:10,594 - INFO - Wrote 0 rows for Air Jordan 9 Retro
2025-04-27 22:43:12,682 - INFO - Wrote 10 rows for Jordan Why Not? Zer0.6
2025-04-27 22:43:14,456 - INFO - Wrote 6 rows for Air Jordan 7 Retro
2025-04-27 22:43:17,084 - INFO - Wrote 1 rows for Jordan Westbrook One Take
2025-04-27 22:43:19,460 - INFO - Wrote 0 rows for Air Jordan 4 Retro
2025-04-27 22:43:21,334 - INFO - Wrote 3 rows for Jordan XX8
2025-04-27 22:43:23,268 - INFO - Wrote 3 rows for Air Jordan 5 Retro
2025-04-27 22:43:26,271 - INFO - Wrote 33 rows for Jordan Luka 4
2025-04-27 22:43:28,007 - INFO - Wrote 0 rows for Air Jordan XX
2025-04-27 22:43:30,478 - INFO - Wrote 2 rows for Air Jordan 13 Retro Low
2025-04-27 22:43:32,141 - INFO - Wrote 1 rows for Jordan CP3.XI
2025-04-27 22:43:34,404 - INFO - Wrote 1 rows for Jordan Jumpman Diamond Low
2025-04-27 22:43:36,827 - INFO - Wrote 2 rows for Air Jordan 3 Retro
2025-04-27 22:43:39,445 - INFO - Wrote 0 rows for Jordan Jumpman 2021
2025-04-27 22:43:41,162 - INFO - Wrote 0 rows for Air Jordan 18
2025-04-27 22:43:43,009 - INFO - Wrote 6 rows for Air Jordan 29
2025-04-27 22:43:45,235 - INFO - Wrote 0 rows for Air Jordan XXXIV SE
2025-04-27 22:43:47,882 - INFO - Wrote 15 rows for Jordan Super.Fly MVP
2025-04-27 22:43:50,380 - INFO - Wrote 0 rows for Air Jordan 31
2025-04-27 22:43:52,035 - INFO - Wrote 0 rows for Air Jordan 6
2025-04-27 22:43:54,977 - INFO - Wrote 30 rows for Jordan Zion 4
2025-04-27 22:43:56,686 - INFO - Wrote 3 rows for Jordan XX8 SE
2025-04-27 22:43:58,869 - INFO - Wrote 0 rows for Jordan Jumpman 2020
2025-04-27 22:44:02,347 - INFO - Wrote 0 rows for Jordan CP3.VI
2025-04-27 22:44:05,843 - INFO - Wrote 0 rows for Air Jordan 32
2025-04-27 22:44:07,675 - INFO - Wrote 0 rows for Jordan CP3.IX
2025-04-27 22:44:09,932 - INFO - Wrote 0 rows for Jordan CP3.XIII
2025-04-27 22:44:12,711 - INFO - Wrote 0 rows for Jordan Point Lane
2025-04-27 22:44:14,537 - INFO - Wrote 0 rows for Jordan Super.Fly 6
2025-04-27 22:44:16,599 - INFO - Wrote 0 rows for Air Jordan 30.5
2025-04-27 22:44:19,261 - INFO - Wrote 0 rows for Jordan Why Not? Zer0.1 Chaos
2025-04-27 22:44:21,944 - INFO - Wrote 0 rows for Air Jordan 32 Low
2025-04-27 22:44:24,993 - INFO - Wrote 0 rows for Jordan Melo 5.5
2025-04-27 22:44:27,625 - INFO - Wrote 2 rows for Jordan Melo M11
2025-04-27 22:44:29,415 - INFO - Wrote 0 rows for Air Jordan 22 Low
2025-04-27 22:44:31,390 - INFO - Wrote 0 rows for Jordan CP3.IV
2025-04-27 22:44:33,378 - INFO - Wrote 0 rows for Air Jordan XX 3/4
2025-04-27 22:44:36,028 - INFO - Wrote 0 rows for Air Jordan 8 Retro
2025-04-27 22:44:37,863 - INFO - Wrote 0 rows for Jordan Stay Loyal 2
2025-04-27 22:44:40,632 - INFO - Wrote 0 rows for Jordan Why Not? Zer0.1
2025-04-27 22:44:43,260 - INFO - Wrote 0 rows for Jordan CP3.VIII
2025-04-27 22:44:46,271 - INFO - Wrote 0 rows for Jordan Jumpman Pro
2025-04-27 22:44:48,817 - INFO - Wrote 0 rows for Jordan 2009 (24)
2025-04-27 22:44:50,610 - INFO - Wrote 0 rows for Air Jordan 31 Low
2025-04-27 22:44:53,075 - INFO - Wrote 0 rows for Air Jordan 1 Retro
2025-04-27 22:44:55,645 - INFO - Wrote 1 rows for Jordan Luka .77
2025-04-27 22:44:57,564 - INFO - Wrote 0 rows for Air Jordan 12 Retro Low
2025-04-27 22:44:59,610 - INFO - Wrote 0 rows for Air Jordan 33
2025-04-27 22:45:01,301 - INFO - Wrote 0 rows for Air Jordan 16
2025-04-27 22:45:03,064 - INFO - Wrote 0 rows for Jordan Melo 1.5
2025-04-27 22:45:05,485 - INFO - Wrote 1 rows for Air Jordan 17
2025-04-27 22:45:07,267 - INFO - Wrote 0 rows for Jordan Jumpman Diamond Mid
2025-04-27 22:45:09,644 - INFO - Wrote 1 rows for Air Jordan XXX
2025-04-27 22:45:11,986 - INFO - Wrote 0 rows for Air Jordan 21
2025-04-27 22:45:13,830 - INFO - Wrote 0 rows for Air Jordan 6 Retro Low
2025-04-27 22:45:15,703 - INFO - Wrote 19 rows for Jordan Zion 3 M.U.D.
2025-04-27 22:45:17,754 - INFO - Wrote 0 rows for Air Jordan Fusion 20 Low
2025-04-27 22:45:19,583 - INFO - Wrote 0 rows for Jordan Melo M10
2025-04-27 22:45:21,547 - INFO - Wrote 2 rows for Jordan Ultra.Fly
2025-04-27 22:45:23,502 - INFO - Wrote 0 rows for Jordan Max Aura 4
2025-04-27 22:45:25,706 - INFO - Wrote 3 rows for Jordan One Take 5
2025-04-27 22:45:27,797 - INFO - Wrote 0 rows for Jordan Melo M13
2025-04-27 22:45:40,757 - INFO - Wrote 980 rows for Puma All-Pro Nitro
2025-04-27 22:45:45,581 - INFO - Wrote 134 rows for Puma MB.01
2025-04-27 22:45:52,289 - INFO - Wrote 7 rows for Puma RS-Dreamer
2025-04-27 22:45:57,227 - INFO - Wrote 9 rows for Puma Fusion Nitro Spectra
2025-04-27 22:46:01,816 - INFO - Wrote 0 rows for Puma Court Rider Twofold
2025-04-27 22:46:06,013 - INFO - Wrote 237 rows for Puma MB.03
2025-04-27 22:46:11,911 - INFO - Wrote 2 rows for Puma Clyde All-Pro
2025-04-27 22:46:17,582 - INFO - Wrote 16 rows for Puma TRC Blaze
2025-04-27 22:46:20,991 - INFO - Wrote 26 rows for Puma MB.01 Low
2025-04-27 22:46:25,370 - INFO - Wrote 2 rows for Puma Clyde Hardwood
2025-04-27 22:46:29,791 - INFO - Wrote 20 rows for Puma MB.02
2025-04-27 22:46:33,397 - INFO - Wrote 0 rows for Puma Court Rider 2.0
2025-04-27 22:46:35,945 - INFO - Wrote 0 rows for J. Cole x Puma Dreamer 2
2025-04-27 22:46:39,343 - INFO - Wrote 2 rows for Puma Triple
2025-04-27 22:46:43,189 - INFO - Wrote 159 rows for Puma Stewie 2
2025-04-27 22:46:48,355 - INFO - Wrote 65 rows for Puma Rise Nitro
2025-04-27 22:46:51,071 - INFO - Wrote 59 rows for Puma MB.03 Lo
2025-04-27 22:46:53,747 - INFO - Wrote 88 rows for Puma MB.04
2025-04-27 22:46:56,533 - INFO - Wrote 31 rows for Puma MB.02 Low
2025-04-27 22:46:59,323 - INFO - Wrote 109 rows for Puma Scoot 1
2025-04-27 22:47:02,040 - INFO - Wrote 5 rows for Puma Court Rider Chaos
2025-04-27 22:47:05,451 - INFO - Wrote 7 rows for Puma Stewie 1
2025-04-27 22:47:07,408 - INFO - Wrote 0 rows for Puma Sky Dreamer
2025-04-27 22:47:09,345 - INFO - Wrote 0 rows for Puma Uproar
2025-04-27 22:47:11,437 - INFO - Wrote 0 rows for Puma Legacy Low
2025-04-27 22:47:16,492 - INFO - Wrote 63 rows for Puma Stewie 3
2025-04-27 22:47:20,456 - INFO - Wrote 61 rows for Puma All-Pro Nitro Elite
2025-04-27 22:47:24,029 - INFO - Wrote 68 rows for Puma Scoot Zero 2
2025-04-27 22:47:26,965 - INFO - Wrote 0 rows for Puma Legacy 68
2025-04-27 22:47:29,073 - INFO - Wrote 0 rows for Puma Clyde Court
2025-04-27 22:47:32,212 - INFO - Wrote 0 rows for Puma Playmaker Pro
2025-04-27 22:47:35,027 - INFO - Wrote 4 rows for Puma Playmaker Pro Mid
2025-04-27 22:47:37,321 - INFO - Wrote 1 rows for Puma Dagger
2025-04-27 22:47:40,180 - INFO - Wrote 2 rows for Puma X Trophy Hunting All-Pro Nitro
2025-04-27 22:47:42,406 - INFO - Wrote 8 rows for Puma All-Pro Nitro x Childhood Dreams
2025-04-27 22:47:45,047 - INFO - Wrote 0 rows for Puma Disc Rebirth
2025-04-27 22:47:47,502 - INFO - Wrote 0 rows for Puma RS-X Mid
2025-04-27 22:47:50,038 - INFO - Wrote 1 rows for Puma Triple Mid
2025-04-27 22:47:52,362 - INFO - Wrote 1 rows for Puma Genetics Speckle
2025-04-27 22:47:59,713 - INFO - Wrote 467 rows for Anta KAI 1
2025-04-27 22:48:03,153 - INFO - Wrote 74 rows for Anta KAI 1 Speed
2025-04-27 22:48:06,182 - INFO - Wrote 53 rows for Anta KAI 2
2025-04-27 22:48:09,044 - INFO - Wrote 86 rows for Anta Shock Wave 5 Pro
2025-04-27 22:48:11,922 - INFO - Wrote 0 rows for Anta Shock The Game 5
2025-04-27 22:48:14,399 - INFO - Wrote 0 rows for Anta KT6 Low
2025-04-27 22:48:16,585 - INFO - Wrote 0 rows for Anta Shock The Game 5 Assault 1
2025-04-27 22:48:20,048 - INFO - Wrote 0 rows for Anta Quick Speed 5.0
2025-04-27 22:48:22,930 - INFO - Wrote 0 rows for Anta Shock The Game 6
2025-04-27 22:48:25,343 - INFO - Wrote 0 rows for Anta KT7
2025-04-27 22:48:28,304 - INFO - Wrote 0 rows for Anta KT5 Low
2025-04-27 22:48:30,655 - INFO - Wrote 0 rows for Anta Shock Wave 4 Pro
2025-04-27 22:48:33,423 - INFO - Wrote 0 rows for Anta Shock The Game Daringly 2.0
2025-04-27 22:48:36,321 - INFO - Wrote 0 rows for Anta UFO Alien 3.0
2025-04-27 22:48:39,335 - INFO - Wrote 0 rows for Anta Frenzy 3
2025-04-27 22:48:42,716 - INFO - Wrote 18 rows for Anta KT8
2025-04-27 22:48:45,301 - INFO - Wrote 1 rows for Anta Gordon Hayward GH3
2025-04-27 22:48:47,624 - INFO - Wrote 17 rows for Anta KT5
2025-04-27 22:48:51,031 - INFO - Wrote 0 rows for Anta Z-Up 1
2025-04-27 22:48:54,684 - INFO - Wrote 20 rows for Anta KT 10
2025-04-27 22:48:57,144 - INFO - Wrote 0 rows for Anta Badao
2025-04-27 22:49:00,603 - INFO - Wrote 0 rows for Anta KT7 Low
2025-04-27 22:49:03,543 - INFO - Wrote 63 rows for Anta KAI 1 Team
2025-04-27 22:49:06,466 - INFO - Wrote 0 rows for Anta Gordon Hayward GH2
2025-04-27 22:49:08,932 - INFO - Wrote 0 rows for Anta KT Splash 4
2025-04-27 22:49:10,635 - INFO - Wrote 0 rows for Anta Gordon Hayward GH1
2025-04-27 22:49:13,714 - INFO - Wrote 2 rows for Anta Badao 2.0
2025-04-27 22:49:16,253 - INFO - Wrote 7 rows for Anta Shock Wave 5
2025-04-27 22:49:19,323 - INFO - Wrote 22 rows for Anta Daringly 3.0
2025-04-27 22:49:21,884 - INFO - Wrote 9 rows for Anta GH5
2025-04-27 22:49:24,788 - INFO - Wrote 132 rows for Anta KT9
2025-04-27 22:49:28,255 - INFO - Wrote 77 rows for Anta KT Splash 5.0
2025-04-27 22:49:30,811 - INFO - Wrote 0 rows for Anta RR6
2025-04-27 22:49:33,180 - INFO - Wrote 0 rows for Anta KT5 Light
2025-04-27 22:49:35,611 - INFO - Wrote 0 rows for Anta KT1
2025-04-27 22:49:38,056 - INFO - Wrote 0 rows for Anta KT The Mountain
2025-04-27 22:49:41,077 - INFO - Wrote 73 rows for Anta GH4
2025-04-27 22:49:43,174 - INFO - Wrote 1 rows for Anta KT6
2025-04-27 22:49:45,503 - INFO - Wrote 0 rows for Anta Unknow 8
2025-04-27 22:49:47,667 - INFO - Wrote 0 rows for Anta KT4 Light Low
2025-04-27 22:49:49,935 - INFO - Wrote 2 rows for Anta Shock Wave 5 Team V2
2025-04-27 22:49:52,409 - INFO - Wrote 0 rows for Anta KT4
2025-04-27 22:49:54,888 - INFO - Wrote 7 rows for Anta Shock Wave 6
2025-04-27 22:49:57,249 - INFO - Wrote 1 rows for Anta Instant ZAP 1 v2
2025-04-27 22:49:59,937 - INFO - Wrote 0 rows for Anta Shock The game 3.0 Low
2025-04-27 22:50:02,379 - INFO - Wrote 4 rows for Anta Splash 7
2025-04-27 22:50:06,285 - INFO - Wrote 136 rows for Anta Instant ZAP 1
2025-04-27 22:50:08,975 - INFO - Wrote 0 rows for Anta Shock The Game 4.0
2025-04-27 22:50:11,414 - INFO - Wrote 3 rows for Anta ZAP 3
2025-04-27 22:50:13,806 - INFO - Wrote 0 rows for Anta KT3
2025-04-27 22:50:16,170 - INFO - Wrote 6 rows for Anta Skyline 2
2025-04-27 22:50:21,626 - INFO - Wrote 3 rows for Under Armour Curry 8
2025-04-27 22:50:26,913 - INFO - Wrote 71 rows for Under Armour Curry Flow 10
2025-04-27 22:50:32,805 - INFO - Wrote 239 rows for Under Armour Curry 11
2025-04-27 22:50:37,228 - INFO - Wrote 19 rows for Under Armour Curry 9
2025-04-27 22:50:40,979 - INFO - Wrote 70 rows for Under Armour Curry 2 Low FloTro
2025-04-27 22:50:44,530 - INFO - Wrote 20 rows for Under Armour Curry 1 Low FloTro
2025-04-27 22:50:48,174 - INFO - Wrote 58 rows for Under Armour Curry 4 FloTro
2025-04-27 22:50:51,593 - INFO - Wrote 22 rows for Under Armour Anatomix Spawn 2
2025-04-27 22:50:56,863 - INFO - Wrote 0 rows for Under Armour Flow FUTR X
2025-04-27 22:51:01,604 - INFO - Wrote 32 rows for Under Armour Curry 7
2025-04-27 22:51:04,571 - INFO - Wrote 61 rows for Under Armour Curry 4 Low FloTro
2025-04-27 22:51:08,065 - INFO - Wrote 42 rows for Under Armour Curry 6
2025-04-27 22:51:11,031 - INFO - Wrote 3 rows for Under Armour Flow FUTR X 2
2025-04-27 22:51:14,569 - INFO - Wrote 34 rows for Under Armour Spawn 3
2025-04-27 22:51:17,383 - INFO - Wrote 23 rows for Under Armour HOVR Havoc 2
2025-04-27 22:51:20,663 - INFO - Wrote 59 rows for Under Armour Curry 1
2025-04-27 22:51:23,408 - INFO - Wrote 18 rows for Under Armour Flow FUTR X 3
2025-04-27 22:51:26,895 - INFO - Wrote 0 rows for Under Armour HOVR Havoc 3
2025-04-27 22:51:29,827 - INFO - Wrote 67 rows for Under Armour Flow Breakthru 5
2025-04-27 22:51:32,479 - INFO - Wrote 34 rows for Under Armor Anatomix Spawn Flotro
2025-04-27 22:51:35,855 - INFO - Wrote 27 rows for Under Armour Spawn 5
2025-04-27 22:51:38,620 - INFO - Wrote 57 rows for Under Armour FUTR X 4
2025-04-27 22:51:40,440 - INFO - Wrote 20 rows for Under Armour Curry 1 Low
2025-04-27 22:51:42,877 - INFO - Wrote 3 rows for Under Armour Curry 4
2025-04-27 22:51:45,144 - INFO - Wrote 20 rows for Under Armour Curry 1 Low FloTro Lux
2025-04-27 22:51:49,710 - INFO - Wrote 34 rows for Under Armour Embiid 1
2025-04-27 22:51:51,576 - INFO - Wrote 0 rows for Under Armour Flow Breakthru 2
2025-04-27 22:51:54,085 - INFO - Wrote 16 rows for Under Armour Curry Splash 24
2025-04-27 22:51:56,792 - INFO - Wrote 0 rows for Under Armour HOVR Havoc 4
2025-04-27 22:51:59,365 - INFO - Wrote 4 rows for Under Armour Spawn 7
2025-04-27 22:52:01,805 - INFO - Wrote 1 rows for Under Armour Flow Breakthru 4
2025-04-27 22:52:04,123 - INFO - Wrote 7 rows for Under Armour Curry HOVR Splash
2025-04-27 22:52:06,735 - INFO - Wrote 0 rows for Under Armour Curry 4 Low
2025-04-27 22:52:09,049 - INFO - Wrote 20 rows for Under Armour Spawn 6
2025-04-27 22:52:11,666 - INFO - Wrote 2 rows for Under Armour Curry 3Z6
2025-04-27 22:52:13,978 - INFO - Wrote 1 rows for Under Armour Spawn 4
2025-04-27 22:52:16,537 - INFO - Wrote 0 rows for Under Armour Lockdown 6
2025-04-27 22:52:18,507 - INFO - Wrote 0 rows for Under Armour Flow Breakthru 3
2025-04-27 22:52:20,869 - INFO - Wrote 0 rows for Under Armour Anatomix Spawn Low 2019
2025-04-27 22:52:23,335 - INFO - Wrote 3 rows for Under Armour Fire Shot Low
2025-04-27 22:52:25,043 - INFO - Wrote 1 rows for Under Armour Curry 2
2025-04-27 22:52:27,497 - INFO - Wrote 0 rows for Under Armour Curry HOVR Splash 2
2025-04-27 22:52:29,882 - INFO - Wrote 0 rows for Under Armour M-Tag Low
2025-04-27 22:52:32,345 - INFO - Wrote 20 rows for Under Armour Futr X Elite
2025-04-27 22:52:34,959 - INFO - Wrote 3 rows for Under Armour Curry 3
2025-04-27 22:52:37,440 - INFO - Wrote 0 rows for Under Armour SC 3ZER0 II
2025-04-27 22:52:39,192 - INFO - Wrote 0 rows for Under Armour SC 3Z5
2025-04-27 22:52:41,580 - INFO - Wrote 0 rows for Under Armour SC 3ZER0 III
2025-04-27 22:52:44,297 - INFO - Wrote 6 rows for Under Armour Curry Flow Cozy
2025-04-27 22:52:46,902 - INFO - Wrote 4 rows for Under Armour Lockdown 7 Low
2025-04-27 22:52:49,461 - INFO - Wrote 18 rows for Under Armour HOVR Havoc 5 Clone
2025-04-27 22:52:52,715 - INFO - Wrote 121 rows for Curry 12
2025-04-27 22:52:54,736 - INFO - Wrote 16 rows for Curry Splash 25
2025-04-27 22:53:00,377 - INFO - Wrote 17 rows for New Balance Two WXY 3
2025-04-27 22:53:09,524 - INFO - Wrote 641 rows for New Balance Two WXY 4
2025-04-27 22:53:14,381 - INFO - Wrote 0 rows for New Balance Two WXY
2025-04-27 22:53:17,960 - INFO - Wrote 105 rows for New Balance Fresh Foam BB v2
2025-04-27 22:53:22,889 - INFO - Wrote 271 rows for New Balance Two WXY 5
2025-04-27 22:53:25,601 - INFO - Wrote 0 rows for New Balance OMN1S
2025-04-27 22:53:28,587 - INFO - Wrote 0 rows for New Balance OMN1S Low
2025-04-27 22:53:33,112 - INFO - Wrote 3 rows for New Balance Two WXY 2
2025-04-27 22:53:35,927 - INFO - Wrote 0 rows for New Balance Two WXY Low
2025-04-27 22:53:39,408 - INFO - Wrote 85 rows for New Balance Kawhi 4
2025-04-27 22:53:43,190 - INFO - Wrote 0 rows for New Balance The Kawhi
2025-04-27 22:53:46,996 - INFO - Wrote 141 rows for New Balance Hesi Low V2
2025-04-27 22:53:49,429 - INFO - Wrote 18 rows for New Balance Hesi Low
2025-04-27 22:53:51,664 - INFO - Wrote 0 rows for New Balance Kawhi 2
2025-04-27 22:53:54,439 - INFO - Wrote 20 rows for New Balance Fresh Foam BB
2025-04-27 22:53:57,737 - INFO - Wrote 55 rows for New Balance Kawhi 3
2025-04-27 22:54:00,463 - INFO - Wrote 12 rows for New Balance Fresh Foam BB v3
2025-04-27 22:54:02,776 - INFO - Wrote 0 rows for New Balance Kawhi 2 Low
2025-04-27 22:54:04,708 - INFO - Wrote 0 rows for K8IROS MARK II
2025-04-27 22:54:07,168 - INFO - Wrote 0 rows for K8IROS 8.1
2025-04-27 22:54:11,468 - INFO - Wrote 2 rows for AND1 Attack 2.0
2025-04-27 22:54:13,853 - INFO - Wrote 0 rows for AND1 Tai Chi 3
2025-04-27 22:54:16,308 - INFO - Wrote 0 rows for AND1 Tai Chi
2025-04-27 22:54:18,348 - INFO - Wrote 0 rows for AND1 Override
2025-04-27 22:54:20,860 - INFO - Wrote 0 rows for Fila Grant Hill 1 & Spaghetti Low Hybrid
2025-04-27 22:54:22,312 - INFO - Wrote 0 rows for Q4 495 LO
2025-04-27 22:54:24,158 - INFO - Wrote 0 rows for Q4 The Specialist
2025-04-27 22:54:27,891 - INFO - Wrote 1 rows for Peak Taichi Andrew Wiggins Attitude
2025-04-27 22:54:30,406 - INFO - Wrote 18 rows for Peak Taichi Triangle 3.0 TPU
2025-04-27 22:54:32,973 - INFO - Wrote 0 rows for Peak DH3
2025-04-27 22:54:35,446 - INFO - Wrote 2 rows for Peak Taichi Surging Technology Triangle 3.0 Pro
2025-04-27 22:54:38,603 - INFO - Wrote 65 rows for Peak AW2
2025-04-27 22:54:40,916 - INFO - Wrote 2 rows for Peak Surging Technology Triangle 2.0
2025-04-27 22:54:43,359 - INFO - Wrote 0 rows for Peak Taichi Flash 4
2025-04-27 22:54:46,708 - INFO - Wrote 48 rows for Peak AW1
2025-04-27 22:54:49,986 - INFO - Wrote 68 rows for Peak Taichi Flash 5
2025-04-27 22:54:52,308 - INFO - Wrote 20 rows for Peak AW3
2025-04-27 22:54:54,991 - INFO - Wrote 0 rows for Peak Flash 2
2025-04-27 22:54:58,173 - INFO - Wrote 0 rows for Peak Taichi Flash
2025-04-27 22:55:01,094 - INFO - Wrote 65 rows for Peak AW Big Triangle 4.0
2025-04-27 22:55:03,109 - INFO - Wrote 1 rows for Peak AW2 Talent-2
2025-04-27 22:55:05,532 - INFO - Wrote 0 rows for Peak Taichi Flash 3
2025-04-27 22:55:08,065 - INFO - Wrote 17 rows for Peak AW Talent-1
2025-04-27 22:55:10,487 - INFO - Wrote 20 rows for Peak Taichi Triangle 3.0 Pro
2025-04-27 22:55:12,876 - INFO - Wrote 0 rows for Peak Sonic Boom 2.0
2025-04-27 22:55:15,214 - INFO - Wrote 3 rows for Peak Delly 1
2025-04-27 22:55:17,594 - INFO - Wrote 55 rows for Peak Taichi Flash 6
2025-04-27 22:55:20,146 - INFO - Wrote 4 rows for Peak Lwaki 1.0
2025-04-27 22:55:23,944 - INFO - Wrote 145 rows for Li-Ning Wade All City 13
2025-04-27 22:55:27,390 - INFO - Wrote 0 rows for Li-Ning Speed VII
2025-04-27 22:55:29,693 - INFO - Wrote 0 rows for Li-Ning Wade All City 8
2025-04-27 22:55:32,110 - INFO - Wrote 12 rows for Li-Ning Way Of Wade 9 Low
2025-04-27 22:55:35,209 - INFO - Wrote 94 rows for Li-Ning JB2
2025-04-27 22:55:37,865 - INFO - Wrote 9 rows for Li-Ning Wade All City 11 V2
2025-04-27 22:55:41,806 - INFO - Wrote 0 rows for Li-Ning Yushuai XIV Low
2025-04-27 22:55:46,286 - INFO - Wrote 52 rows for Li-Ning Speed 8 Premium Low
2025-04-27 22:55:48,489 - INFO - Wrote 7 rows for Li-Ning Wade All City 11
2025-04-27 22:55:51,616 - INFO - Wrote 95 rows for Li-Ning Wade All City 12
2025-04-27 22:55:54,375 - INFO - Wrote 91 rows for Li-Ning Way Of Wade 10 Low
2025-04-27 22:55:57,068 - INFO - Wrote 0 rows for Li-Ning Way Of Wade All City 9
2025-04-27 22:55:59,433 - INFO - Wrote 0 rows for Li-Ning Yushuai XV Low
2025-04-27 22:56:02,403 - INFO - Wrote 3 rows for Li-Ning Way Of Wade 10
2025-04-27 22:56:04,578 - INFO - Wrote 9 rows for Li-Ning Yushuai 16 V2
2025-04-27 22:56:07,167 - INFO - Wrote 7 rows for Li-Ning Way Of Wade Flash 2
2025-04-27 22:56:09,666 - INFO - Wrote 0 rows for Li-Ning Wade All City 9 V2
2025-04-27 22:56:11,990 - INFO - Wrote 0 rows for Li-Ning YuShuai 13 Boom Low
2025-04-27 22:56:14,154 - INFO - Wrote 0 rows for Li-Ning YuShuai 13 Boom
2025-04-27 22:56:16,702 - INFO - Wrote 0 rows for Li-Ning All City 7 One Last Dance
2025-04-27 22:56:19,114 - INFO - Wrote 0 rows for Li-Ning Wade All City 10
2025-04-27 22:56:21,739 - INFO - Wrote 5 rows for Li-Ning Wade All City 12 Encore
2025-04-27 22:56:25,356 - INFO - Wrote 143 rows for Li-Ning CJ 3
2025-04-27 22:56:27,750 - INFO - Wrote 4 rows for Li-Ning Way Of Wade 1 Low
2025-04-27 22:56:30,238 - INFO - Wrote 0 rows for Li-Ning Sonic Speed VIII Low
2025-04-27 22:56:32,615 - INFO - Wrote 12 rows for Li-Ning Speed 10
2025-04-27 22:56:36,510 - INFO - Wrote 0 rows for Li-Ning Power VIII
2025-04-27 22:56:38,645 - INFO - Wrote 0 rows for Li-Ning Yushuai XV V2 Low
2025-04-27 22:56:41,142 - INFO - Wrote 7 rows for Li-Ning Sonic 13
2025-04-27 22:56:43,325 - INFO - Wrote 0 rows for Li-Ning YuShuai 13 Low
2025-04-27 22:56:45,080 - INFO - Wrote 0 rows for Li-Ning Way Of Wade 7
2025-04-27 22:56:47,701 - INFO - Wrote 6 rows for Li-Ning Way of Wade 11
2025-04-27 22:56:50,044 - INFO - Wrote 0 rows for Li-Ning YuShuai 13
2025-04-27 22:56:51,609 - INFO - Wrote 0 rows for Li-Ning Unknown 2
2025-04-27 22:56:54,010 - INFO - Wrote 8 rows for Li-Ning Buckets
2025-04-27 22:56:56,539 - INFO - Wrote 6 rows for Li-Ning Yushuai 18
2025-04-27 22:56:58,589 - INFO - Wrote 0 rows for Li-Ning Bad Five III
2025-04-27 22:57:00,551 - INFO - Wrote 0 rows for Li-Ning Wade All City 10 V2
2025-04-27 22:57:03,159 - INFO - Wrote 47 rows for Li-Ning JB3
2025-04-27 22:57:05,546 - INFO - Wrote 1 rows for Li-Ning DL01
2025-04-27 22:57:07,865 - INFO - Wrote 0 rows for Li-NIng Wade 808 2 Ultra
2025-04-27 22:57:09,320 - INFO - Wrote 0 rows for Li-Ning Way Of Wade 2
2025-04-27 22:57:11,829 - INFO - Wrote 7 rows for Li-Ning Unknow 9
2025-04-27 22:57:13,837 - INFO - Wrote 0 rows for Li-Ning Way Of Wade 4 Low
2025-04-27 22:57:15,771 - INFO - Wrote 1 rows for Li-Ning YuShuai Ultra Mid
2025-04-27 22:57:18,154 - INFO - Wrote 0 rows for Li-Ning Sonic 11
2025-04-27 22:57:20,780 - INFO - Wrote 0 rows for Li-Ning Unknown
2025-04-27 22:57:23,229 - INFO - Wrote 2 rows for Li-Ning Sonic 11 V2
2025-04-27 22:57:25,699 - INFO - Wrote 0 rows for Li Ning Wade Son of Flash
2025-04-27 22:57:28,150 - INFO - Wrote 13 rows for Li-Ning Yushuai 17 Low
2025-04-27 22:57:32,259 - INFO - Wrote 20 rows for Li-Ning Ultra Light 2025
2025-04-27 22:57:36,512 - INFO - Wrote 31 rows for Li-NIng Wade 808 3 Ultra
2025-04-27 22:57:39,350 - INFO - Wrote 0 rows for Li-Ning Sonic X
2025-04-27 22:57:42,185 - INFO - Wrote 0 rows for Li-Ning Wade 808 2 Ultra V2
2025-04-27 22:57:44,894 - INFO - Wrote 0 rows for Li-Ning Speed 9
2025-04-27 22:57:46,957 - INFO - Wrote 1 rows for Li-Ning Power 10
2025-04-27 22:57:49,591 - INFO - Wrote 0 rows for Li-Ning Way Of Wade Russel 1
2025-04-27 22:57:52,502 - INFO - Wrote 45 rows for Li-Ning Shining 1.0
2025-04-27 22:57:54,347 - INFO - Wrote 0 rows for Li-Ning Sonic VIII
2025-04-27 22:57:55,855 - INFO - Wrote 1 rows for Li-Ning Way Of Wade 1
2025-04-27 22:57:58,321 - INFO - Wrote 0 rows for Li-Ning Way Of Wade All City 6
2025-04-27 22:58:01,195 - INFO - Wrote 0 rows for Li-Ning Wade Shadow 3
2025-04-27 22:58:04,358 - INFO - Wrote 0 rows for Li-Ning CJ 2
2025-04-27 22:58:07,166 - INFO - Wrote 0 rows for Li-Ning Wade Fission 7
2025-04-27 22:58:08,920 - INFO - Wrote 0 rows for Li-Ning Way Of Wade 6
2025-04-27 22:58:11,413 - INFO - Wrote 3 rows for Li-Ning Wade 808 3 Ultra V2
2025-04-27 22:58:13,919 - INFO - Wrote 1 rows for Li-Ning Way Of Wade 808 5 Ultra
2025-04-27 22:58:16,523 - INFO - Wrote 4 rows for Li-Ning Wade Shadow 4
2025-04-27 22:58:18,911 - INFO - Wrote 0 rows for Li-Ning Power IX
2025-04-27 22:58:21,368 - INFO - Wrote 0 rows for Li-Ning Wade All City 8 V2
2025-04-27 22:58:23,064 - INFO - Wrote 0 rows for Li-Ning Speed VI Premium
2025-04-27 22:58:26,421 - INFO - Wrote 1 rows for Li-Ning JB1
2025-04-27 22:58:28,929 - INFO - Wrote 7 rows for Li-Ning Wade Shadow 6
2025-04-27 22:58:31,524 - INFO - Wrote 0 rows for Li-Ning Yushuai XV
2025-04-27 22:58:33,621 - INFO - Wrote 1 rows for Li-Ning Sonic 12
2025-04-27 22:58:36,144 - INFO - Wrote 0 rows for Li-Ning Yushuai Evolution Low Premium
2025-04-27 22:58:39,464 - INFO - Wrote 0 rows for Li-Ning CJ 1
2025-04-27 22:58:43,030 - INFO - Wrote 0 rows for Converse All Star BB Evo Low
2025-04-27 22:58:46,704 - INFO - Wrote 20 rows for Converse All Star BB Shift
2025-04-27 22:58:52,319 - INFO - Wrote 301 rows for Converse All Star BB Trilliant CX
2025-04-27 22:58:56,151 - INFO - Wrote 0 rows for Converse All Star BB Prototype CX
2025-04-27 22:58:59,936 - INFO - Wrote 11 rows for Converse All Star BB Jet
2025-04-27 22:59:03,156 - INFO - Wrote 73 rows for Converse SHAI 001
2025-04-27 22:59:06,359 - INFO - Wrote 0 rows for Converse G4 OX
2025-04-27 22:59:09,067 - INFO - Wrote 0 rows for Converse All Star Pro BB
2025-04-27 22:59:11,742 - INFO - Wrote 0 rows for Converse All Star Pro BB Low
2025-04-27 22:59:14,716 - INFO - Wrote 42 rows for Converse All Star BB Shift Mid
2025-04-27 22:59:18,374 - INFO - Wrote 0 rows for Reebok Question Mid
2025-04-27 22:59:21,079 - INFO - Wrote 2 rows for Reebok Answer 4
2025-04-27 22:59:23,288 - INFO - Wrote 0 rows for Reebok Kamikaze Low
2025-04-27 22:59:25,750 - INFO - Wrote 0 rows for Reebok Answer V
2025-04-27 22:59:28,646 - INFO - Wrote 0 rows for Reebok Question Low
2025-04-27 22:59:31,100 - INFO - Wrote 0 rows for Reebok Shaqnosis
2025-04-27 22:59:34,689 - INFO - Wrote 47 rows for Reebok Solution Mid
2025-04-27 22:59:38,020 - INFO - Wrote 88 rows for Reebok Engine A
2025-04-27 22:59:40,201 - INFO - Wrote 0 rows for Reebok Kamikaze II
2025-04-27 22:59:42,631 - INFO - Wrote 0 rows for Reebok Pump Omni Lite
2025-04-27 22:59:45,292 - INFO - Wrote 0 rows for Reebok Mobius
2025-04-27 22:59:47,952 - INFO - Wrote 0 rows for Reebok Avant Guard
2025-04-27 22:59:50,494 - INFO - Wrote 0 rows for Reebok Wall Season 3
2025-04-27 22:59:53,070 - INFO - Wrote 0 rows for Reebok Iverson Legacy
2025-04-27 22:59:55,420 - INFO - Wrote 0 rows for Reebok Pumpspective Omni
2025-04-27 22:59:57,907 - INFO - Wrote 0 rows for Reebok The Rail
2025-04-27 22:59:59,923 - INFO - Wrote 0 rows for Reebok The Answer DMX
2025-04-27 23:00:02,527 - INFO - Wrote 0 rows for Reebok DMX Run 10
2025-04-27 23:00:04,584 - INFO - Wrote 0 rows for Reebok Zig Encore
2025-04-27 23:00:06,471 - INFO - Wrote 0 rows for Reebok Answer 11
2025-04-27 23:00:09,068 - INFO - Wrote 0 rows for Reebok Dee Brown Pump D-Time
2025-04-27 23:00:11,583 - INFO - Wrote 0 rows for Reebok Shaq Attaq 4
2025-04-27 23:00:13,535 - INFO - Wrote 0 rows for Reebok ZPump Rise
2025-04-27 23:00:16,075 - INFO - Wrote 0 rows for Reebok JJ IV
2025-04-27 23:00:17,989 - INFO - Wrote 0 rows for Reebok More Buckets
2025-04-27 23:00:20,555 - INFO - Wrote 0 rows for Reebok Shaq Attaq
2025-04-27 23:00:22,998 - INFO - Wrote 0 rows for Reebok Pump Court Victory 2 2009
2025-04-27 23:00:25,510 - INFO - Wrote 0 rows for Reebok Instapump Fury Zone
2025-04-27 23:00:27,678 - INFO - Wrote 15 rows for 361 Super Nova 1.0 Pro
2025-04-27 23:00:29,551 - INFO - Wrote 0 rows for 361 AG2
2025-04-27 23:00:32,474 - INFO - Wrote 0 rows for 361 AG1
2025-04-27 23:00:35,226 - INFO - Wrote 53 rows for 361 AG5
2025-04-27 23:00:38,061 - INFO - Wrote 77 rows for 361 Joker 1
2025-04-27 23:00:40,435 - INFO - Wrote 20 rows for 361 Big3 5.0 Quick Pro
2025-04-27 23:00:43,588 - INFO - Wrote 0 rows for 361 DVD 1
2025-04-27 23:00:45,487 - INFO - Wrote 1 rows for 361 Big3 4.0 Switch Pro
2025-04-27 23:00:47,770 - INFO - Wrote 1 rows for 361 Big3 Future
2025-04-27 23:00:49,643 - INFO - Wrote 2 rows for 361 AG5 Soar
2025-04-27 23:00:52,039 - INFO - Wrote 0 rows for 361 Menance
2025-04-27 23:00:54,879 - INFO - Wrote 0 rows for 361 Lava
2025-04-27 23:00:57,204 - INFO - Wrote 9 rows for 361 Biospeed BB
2025-04-27 23:00:59,579 - INFO - Wrote 1 rows for 361 BIG3 6.0 Quick Pro
2025-04-27 23:01:01,981 - INFO - Wrote 0 rows for 361 AG2X
2025-04-27 23:01:04,308 - INFO - Wrote 0 rows for 361 ZEN 00
2025-04-27 23:01:06,799 - INFO - Wrote 0 rows for 361 AG3 Pro Low
2025-04-27 23:01:08,608 - INFO - Wrote 3 rows for 361 Big3 4.0 Quick Pro
2025-04-27 23:01:11,182 - INFO - Wrote 0 rows for 361 Big 3
2025-04-27 23:01:13,758 - INFO - Wrote 0 rows for 361 AG1 SE
2025-04-27 23:01:16,213 - INFO - Wrote 0 rows for 361 Zen 3
2025-04-27 23:01:18,196 - INFO - Wrote 20 rows for 361 Super Nova 2.0 Pro
2025-04-27 23:01:20,387 - INFO - Wrote 42 rows for 361 Big3 5.0
2025-04-27 23:01:23,671 - INFO - Wrote 71 rows for 361 Big3 Future High
2025-04-27 23:01:26,177 - INFO - Wrote 0 rows for 361 AG3
2025-04-27 23:01:28,656 - INFO - Wrote 9 rows for 361 Kontrol 3
2025-04-27 23:01:31,185 - INFO - Wrote 20 rows for 361 Big3 6.0
2025-04-27 23:01:33,155 - INFO - Wrote 0 rows for 361 Zen 5
2025-04-27 23:01:36,247 - INFO - Wrote 64 rows for 361 DVD 3
2025-04-27 23:01:38,517 - INFO - Wrote 0 rows for 361 Kyranbek
2025-04-27 23:01:41,742 - INFO - Wrote 85 rows for 361 AG4
2025-04-27 23:01:44,157 - INFO - Wrote 0 rows for 361 AG3 Pro
2025-04-27 23:01:45,591 - INFO - Wrote 9 rows for 361 Big3 5.0 Pro
2025-04-27 23:01:48,030 - INFO - Wrote 0 rows for 361 Kontrol 2
2025-04-27 23:01:50,549 - INFO - Wrote 0 rows for 361 Level Up 1.0
2025-04-27 23:01:53,072 - INFO - Wrote 0 rows for 361 Big3 3.0
2025-04-27 23:01:55,924 - INFO - Wrote 88 rows for 361 DVD 2
2025-04-27 23:01:58,406 - INFO - Wrote 0 rows for Crossover Culture Kayo LP2
2025-04-27 23:02:02,138 - INFO - Wrote 147 rows for Crossover Culture Fatale
2025-04-27 23:02:04,591 - INFO - Wrote 0 rows for Trezz 1 Mid
2025-04-27 23:02:07,002 - INFO - Wrote 0 rows for Trezz 1
2025-04-27 23:02:09,387 - INFO - Wrote 0 rows for Unbranded shoes
2025-04-27 23:02:11,706 - INFO - Wrote 5 rows for ETHICS LG 1
2025-04-27 23:02:15,625 - INFO - Wrote 124 rows for Rigorer AR-1
2025-04-27 23:02:18,555 - INFO - Wrote 66 rows for Rigorer AR-2
2025-04-27 23:02:21,337 - INFO - Wrote 52 rows for Rigorer BP 1
2025-04-27 23:02:24,846 - INFO - Wrote 0 rows for Rigorer Sniper 2
2025-04-27 23:02:27,668 - INFO - Wrote 0 rows for Rigorer War Ender
2025-04-27 23:02:30,556 - INFO - Wrote 43 rows for Qiaodan Fengci Rise Low
2025-04-27 23:02:33,184 - INFO - Wrote 10 rows for Qiaodan Fengci7 Pro
2025-04-27 23:02:35,641 - INFO - Wrote 17 rows for Qiaodan Fengci Rise 1.5
2025-04-27 23:02:38,399 - INFO - Wrote 77 rows for Qiaodan Fengci Rise 2.0
2025-04-27 23:02:41,309 - INFO - Wrote 0 rows for Qiaodan KJ 1
2025-04-27 23:02:43,617 - INFO - Wrote 0 rows for Louis Vuitton Trainer 2
2025-04-27 23:02:45,510 - INFO - Wrote 20 rows for Xtep Yufeng 3
2025-04-27 23:02:48,486 - INFO - Wrote 80 rows for Xtep Unknow
2025-04-27 23:02:51,224 - INFO - Wrote 6 rows for Xtep Battle
2025-04-27 23:02:53,913 - INFO - Wrote 54 rows for Xtep Levitation 9
2025-04-27 23:02:56,199 - INFO - Wrote 0 rows for Xtep Jlin 2 SE
2025-04-27 23:02:58,815 - INFO - Wrote 10 rows for Xtep ZL1
2025-04-27 23:03:02,119 - INFO - Wrote 104 rows for Serious Player Only Player 1
2025-04-27 23:03:04,061 - INFO - Wrote 14 rows for Serious Player Only Game 1
2025-04-27 23:03:07,066 - INFO - Wrote 26 rows for Moolah Neovolt Pro
2025-04-27 23:03:09,882 - INFO - Wrote 36 rows for Moolah Triple Double
2025-04-27 23:03:12,328 - INFO - Wrote 17 rows for Moolah Neovolt Low
2025-04-27 23:03:13,935 - INFO - Wrote 1 rows for Moolah Phantom 1
2025-04-27 23:03:18,449 - INFO - Wrote 213 rows for Skechers SKX Nexus
2025-04-27 23:03:22,228 - INFO - Wrote 150 rows for Skechers SKX Float
2025-04-27 23:03:25,023 - INFO - Wrote 67 rows for Skechers SKX Resagrip Low
2025-04-27 23:03:27,855 - INFO - Wrote 32 rows for Skechers SKX Resagrip
2025-04-27 23:03:30,888 - INFO - Wrote 81 rows for Skechers SKX Reign
2025-04-27 23:03:33,165 - INFO - Wrote 36 rows for Skechers SKX Float Mid
2025-04-27 23:03:36,327 - INFO - Wrote 67 rows for Judah 1 Low
2025-04-27 23:03:39,821 - INFO - Wrote 102 rows for Judah 1
2025-04-27 23:03:43,720 - INFO - Wrote 159 rows for Holo IO: 01
2025-04-27 23:03:46,773 - INFO - Wrote 56 rows for Xero X1
2025-04-27 23:03:49,584 - INFO - Wrote 32 rows for Xero Low Unknow 1
2025-04-27 23:03:51,944 - INFO - Wrote 81 rows for Tarmak Fast 900 Low-1
2025-04-27 23:03:54,423 - INFO - Wrote 9 rows for asics Lady Gelfairy 9
2025-04-27 23:03:56,901 - INFO - Wrote 3 rows for asics Glide Nova FF 3
2025-04-27 23:03:58,674 - INFO - Wrote 20 rows for asics Unpre Ars Low 2
2025-04-27 23:04:00,548 - INFO - Wrote 5 rows for Stria 107 Series
2025-04-27 23:04:02,812 - INFO - Wrote 3 rows for Oatica Wave Basketball
2025-04-27 23:04:05,294 - INFO - Wrote 5 rows for Creative Control Sydney Colson 1
2025-04-27 23:04:09,052 - INFO - Wrote 131 rows for 741 Performance Rover
2025-04-27 23:04:12,402 - INFO - Wrote 104 rows for Curry Fox 1
2025-04-27 23:04:15,177 - INFO - Wrote 40 rows for Curry 3Z 24
2025-04-27 23:04:17,071 - INFO - Wrote 10 rows for Curry Splash 24 Suede
2025-04-27 23:04:20,001 - INFO - Wrote 6 rows for Curry 6 FloTro
2025-04-27 23:38:45,950 - INFO - Wrote 2130 rows for Nike Book 1
2025-04-28 16:05:43,359 - INFO - Wrote 2135 rows for Nike Book 1
2025-04-28 16:05:54,010 - INFO - Wrote 797 rows for adidas Dame 9
2025-04-28 16:05:58,428 - INFO - Wrote 39 rows for adidas Harden Vol. 4
2025-04-28 16:06:02,193 - INFO - Wrote 156 rows for adidas adizero Select
2025-04-28 16:06:08,719 - INFO - Wrote 519 rows for Air Jordan 38 Low
2025-04-28 16:06:13,993 - INFO - Wrote 28 rows for Jordan Why Not? Zer0.4
2025-04-28 16:06:17,914 - INFO - Wrote 58 rows for Puma MB.02
2025-04-28 16:06:21,027 - INFO - Wrote 133 rows for Anta KT 10
2025-04-28 16:06:23,769 - INFO - Wrote 46 rows for Under Armour Curry 1 Low FloTro
2025-04-28 16:06:27,810 - INFO - Wrote 39 rows for Converse All Star BB Shift
